// Jest Snapshot v1, https://goo.gl/fbAQLP

exports[`Parser custom block: custom block 1`] = `
Object {
  "meta": Object {
    "requiresAuth": true,
  },
  "name": "blog",
}
`;
